Drill report for PCB_Health.V2.kicad_pcb
Created on 2025-10-08T16:07:16+0100

Copper Layer Stackup:
    =============================================================
    L1 :  F.Cu                      front
    L2 :  In1.Cu                    in1
    L3 :  In2.Cu                    in2
    L4 :  B.Cu                      back


Drill file 'PCB_Health.V2-PTH.drl' contains
    plated through holes:
    =============================================================
    T1  0.800mm  0.0315"  (6 holes)
    T2  0.800mm  0.0315"  (5 holes)
    T3  1.000mm  0.0394"  (69 holes)
    T4  1.016mm  0.0400"  (1 hole)
    T5  1.100mm  0.0433"  (5 holes)
    T6  1.190mm  0.0469"  (11 holes)
    T7  1.300mm  0.0512"  (8 holes)
    T8  1.320mm  0.0520"  (6 holes)
    T9  1.350mm  0.0531"  (8 holes)
    T10  1.500mm  0.0591"  (4 holes)
    T11  3.700mm  0.1457"  (2 holes)

    Total plated holes count 125


Drill file 'PCB_Health.V2-NPTH.drl' contains
    unplated through holes:
    =============================================================
    T1  3.200mm  0.1260"  (5 holes)

    Total unplated holes count 5
